**git clone**: se utiliza para crear una copia de un repositorio
@antiagr2003 ➜ /workspaces/p1_antia (main) $ git clone https://github.com/gitt-3-pat/p1
Cloning into 'p1'...
remote: Enumerating objects: 6, done.
remote: Counting objects: 100% (1/1), done.
remote: Total 6 (delta 0), reused 0 (delta 0), pack-reused 5
Receiving objects: 100% (6/6), done.

**git status**: te permite conocer el estado actual de tu repositorio copia local. Ver si le faltan archivos nuevos/modificados
@antiagr2003 ➜ /workspaces/p1_antia (main) $ git status
On branch main
Your branch is up to date with 'origin/main'.

Untracked files:
  (use "git add <file>..." to include in what will be committed)
        p1/

nothing added to commit but untracked files present (use "git add" to track)

**git add .**: añade los archivos nuevos/modificados
@antiagr2003 ➜ /workspaces/p1_antia (main) $ git add .
warning: adding embedded git repository: p1
hint: You've added another git repository inside your current repository.
hint: Clones of the outer repository will not contain the contents of
hint: the embedded repository and will not know how to obtain it.
hint: If you meant to add a submodule, use:
hint: 
hint:   git submodule add <url> p1
hint: 
hint: If you added this path by mistake, you can remove it from the
hint: index with:
hint: 
hint:   git rm --cached p1
hint: 
hint: See "git help submodule" for more information.

**git commit**:hace una captura de los cambios preparados en ese momento del proyecto
@antiagr2003 ➜ /workspaces/p1_antia (main) $ git commit -m "TU MENSAJE"
[main d4a1f48] TU MENSAJE
 1 file changed, 1 insertion(+)
 create mode 160000 p1

**git push**: actualiza la rama remota con los commits locales
@antiagr2003 ➜ /workspaces/p1_antia (main) $ git push
Enumerating objects: 3, done.
Counting objects: 100% (3/3), done.
Delta compression using up to 2 threads
Compressing objects: 100% (2/2), done.
Writing objects: 100% (2/2), 283 bytes | 283.00 KiB/s, done.
Total 2 (delta 0), reused 0 (delta 0), pack-reused 0
To https://github.com/antiagr2003/p1_antia
   07720b5..d4a1f48  main -> main

**git checkout**: actualiza archivos del árbol en funcionamiento para parecerse a la versión en el índice o árbol especificado
@antiagr2003 ➜ /workspaces/p1_antia (main) $ git checkout -b feature/1
Switched to a new branch 'feature/1'
@antiagr2003 ➜ /workspaces/p1_antia (feature/1) $ git checkout main
Switched to branch 'main'
Your branch is up to date with 'origin/main'.


